// Jest Snapshot v1, https://goo.gl/fbAQLP

exports[`border(props) renders expected snapshot when edge is a string 1`] = `
Object {
  "borderLeftColor": "black",
  "borderLeftStyle": "solid",
  "borderLeftWidth": 1,
}
`;

exports[`border(props) renders expected snapshot when edge is an array 1`] = `
Object {
  "borderBottomColor": "black",
  "borderBottomStyle": "solid",
  "borderBottomWidth": 1,
  "borderTopColor": "black",
  "borderTopStyle": "solid",
  "borderTopWidth": 1,
}
`;

exports[`border(props) renders expected snapshot when styles are set 1`] = `
Object {
  "borderColor": "red",
  "borderStyle": "dashed",
  "borderWidth": 2,
}
`;

exports[`border(props) renders expected snapshot with no options 1`] = `
Object {
  "borderColor": "black",
  "borderStyle": "solid",
  "borderWidth": 1,
}
`;

exports[`border(props) throws error with invalid edge value 1`] = `"Invalid edge value"`;
